
Running 7 tests using 2 workers

  ok 1 tests\sprint2_automation.spec.js:66:3 ÔÇ║ Sprint 2: Inventory Aging & Retailer Collaboration (PB5ÔÇôPB12) ÔÇ║ PB6: Aging Bucket Classification & Highlighting (16.3s)
  x  2 tests\sprint2_automation.spec.js:45:3 ÔÇ║ Sprint 2: Inventory Aging & Retailer Collaboration (PB5ÔÇôPB12) ÔÇ║ PB5: Dashboard Data Accuracy & Warehouse Filtering (21.2s)
  ok 3 tests\sprint2_automation.spec.js:85:3 ÔÇ║ Sprint 2: Inventory Aging & Retailer Collaboration (PB5ÔÇôPB12) ÔÇ║ PB7: Automated Shelf-Life Alerts (7.7s)
  ok 4 tests\sprint2_automation.spec.js:118:3 ÔÇ║ Sprint 2: Inventory Aging & Retailer Collaboration (PB5ÔÇôPB12) ÔÇ║ PB10: Standardized Promotion Management (7.2s)
  x  5 tests\sprint2_automation.spec.js:99:3 ÔÇ║ Sprint 2: Inventory Aging & Retailer Collaboration (PB5ÔÇôPB12) ÔÇ║ PB9: Retailer Portal Secure Access (11.9s)
No End Campaign buttons found. Monitor tbody content: No active promotions found.
  ok 7 tests\sprint2_automation.spec.js:199:3 ÔÇ║ Sprint 2: Inventory Aging & Retailer Collaboration (PB5ÔÇôPB12) ÔÇ║ PB12: End Campaign ÔÇô Sales Manager Can Terminate Promotions (7.2s)
  x  6 tests\sprint2_automation.spec.js:176:3 ÔÇ║ Sprint 2: Inventory Aging & Retailer Collaboration (PB5ÔÇôPB12) ÔÇ║ PB11: B2B Collaboration Velocity Tracking (30.0s)


  1) tests\sprint2_automation.spec.js:45:3 ÔÇ║ Sprint 2: Inventory Aging & Retailer Collaboration (PB5ÔÇôPB12) ÔÇ║ PB5: Dashboard Data Accuracy & Warehouse Filtering 

    Error: [2mexpect([22m[31mlocator[39m[2m).[22mtoBeVisible[2m([22m[2m)[22m failed

    Locator: locator('th:has-text("Product (SKU)")')
    Expected: visible
    Timeout: 5000ms
    Error: element(s) not found

    Call log:
    [2m  - Expect "toBeVisible" with timeout 5000ms[22m
    [2m  - waiting for locator('th:has-text("Product (SKU)")')[22m


      51 |
      52 |     // Verify column headers
    > 53 |     await expect(page.locator('th:has-text("Product (SKU)")')).toBeVisible();
         |                                                                ^
      54 |     await expect(page.locator('th:has-text("Batch #")')).toBeVisible();
      55 |
      56 |     // Test Warehouse filter
        at C:\Users\wolve\Downloads\New folder\SAAS project for nestle\tests\sprint2_automation.spec.js:53:64

    Error Context: test-results\sprint2_automation-Sprint--736ff-ccuracy-Warehouse-Filtering\error-context.md

  2) tests\sprint2_automation.spec.js:99:3 ÔÇ║ Sprint 2: Inventory Aging & Retailer Collaboration (PB5ÔÇôPB12) ÔÇ║ PB9: Retailer Portal Secure Access 

    Error: [2mexpect([22m[31mlocator[39m[2m).[22mtoBeVisible[2m([22m[2m)[22m failed

    Locator: locator('h1:has-text("Retailer Portal")')
    Expected: visible
    Timeout: 10000ms
    Error: element(s) not found

    Call log:
    [2m  - Expect "toBeVisible" with timeout 10000ms[22m
    [2m  - waiting for locator('h1:has-text("Retailer Portal")')[22m


      102 |
      103 |     // Verify Retailer Portal landmarks
    > 104 |     await expect(page.locator('h1:has-text("Retailer Portal")')).toBeVisible({ timeout: 10000 });
          |                                                                  ^
      105 |     await expect(page.locator('#nav-offers')).toBeVisible();
      106 |     await expect(page.locator('#nav-live')).toBeVisible();
      107 |
        at C:\Users\wolve\Downloads\New folder\SAAS project for nestle\tests\sprint2_automation.spec.js:104:66

    Error Context: test-results\sprint2_automation-Sprint--1d05f-tailer-Portal-Secure-Access\error-context.md

  3) tests\sprint2_automation.spec.js:176:3 ÔÇ║ Sprint 2: Inventory Aging & Retailer Collaboration (PB5ÔÇôPB12) ÔÇ║ PB11: B2B Collaboration Velocity Tracking 

    [31mTest timeout of 30000ms exceeded.[39m

    Error: page.click: Test timeout of 30000ms exceeded.
    Call log:
    [2m  - waiting for locator('#nav-live')[22m


      179 |
      180 |     // Navigate to the Live Campaigns tab
    > 181 |     await page.click('#nav-live');
          |                ^
      182 |
      183 |     // Container must render
      184 |     const liveContainer = page.locator('#live-container');
        at C:\Users\wolve\Downloads\New folder\SAAS project for nestle\tests\sprint2_automation.spec.js:181:16

    Error Context: test-results\sprint2_automation-Sprint--4abd6-aboration-Velocity-Tracking\error-context.md

  3 failed
    tests\sprint2_automation.spec.js:45:3 ÔÇ║ Sprint 2: Inventory Aging & Retailer Collaboration (PB5ÔÇôPB12) ÔÇ║ PB5: Dashboard Data Accuracy & Warehouse Filtering 
    tests\sprint2_automation.spec.js:99:3 ÔÇ║ Sprint 2: Inventory Aging & Retailer Collaboration (PB5ÔÇôPB12) ÔÇ║ PB9: Retailer Portal Secure Access 
    tests\sprint2_automation.spec.js:176:3 ÔÇ║ Sprint 2: Inventory Aging & Retailer Collaboration (PB5ÔÇôPB12) ÔÇ║ PB11: B2B Collaboration Velocity Tracking 
  4 passed (1.1m)
